timeout : ERROR: Invalid syntax. Default option is not 
allowed more than '1' time(s).
At line:1 char:1
+ timeout 300 .\gradlew.bat :app:assembleDebug 
--no-daemon --console=pl ...
+ ~~~~~~~~~~~~~~~~~~~~~~~~~~~~~~~~~~~~~~~~~~~~~~~~~~~~~~~
~~~~~~~~~~~~~~
    + CategoryInfo          : NotSpecified: (ERROR: Inva 
   lid ...an '1' time(s).:String) [], RemoteException
    + FullyQualifiedErrorId : NativeCommandError
 
Type "TIMEOUT /?" for usage.
