> Task :app:checkKotlinGradlePluginConfigurationErrors SKIPPED
> Task :app:preBuild UP-TO-DATE
> Task :app:preDebugBuild UP-TO-DATE
> Task :app:dataBindingMergeDependencyArtifactsDebug UP-TO-DATE
> Task :app:generateDebugResValues UP-TO-DATE
> Task :app:generateDebugResources UP-TO-DATE
> Task :app:processDebugGoogleServices UP-TO-DATE
> Task :app:mergeDebugResources UP-TO-DATE
> Task :app:packageDebugResources UP-TO-DATE
> Task :app:processDebugNavigationResources UP-TO-DATE
> Task :app:parseDebugLocalResources UP-TO-DATE
> Task :app:dataBindingGenBaseClassesDebug UP-TO-DATE
> Task :app:generateDebugBuildConfig UP-TO-DATE
> Task :app:checkDebugAarMetadata UP-TO-DATE
> Task :app:compileDebugNavigationResources UP-TO-DATE
> Task :app:mapDebugSourceSetPaths UP-TO-DATE
> Task :app:createDebugCompatibleScreenManifests UP-TO-DATE
> Task :app:extractDeepLinksDebug UP-TO-DATE
> Task :app:processDebugMainManifest UP-TO-DATE
> Task :app:processDebugManifest UP-TO-DATE
> Task :app:processDebugManifestForPackage UP-TO-DATE
> Task :app:processDebugResources UP-TO-DATE
> Task :app:kaptGenerateStubsDebugKotlin UP-TO-DATE
> Task :app:kaptDebugKotlin UP-TO-DATE

> Task :app:compileDebugKotlin FAILED
.\gradlew.bat : e: file:///C:/Users/avezk/
AndroidStudioProjects/GlyphV3/app/src/main
/java/com/glyph/glyph_v3/ui/chat/ChatAdapt
er.kt:174:37 Unresolved reference 
'MEDIA_GROUP'.
At line:1 char:1
+ .\gradlew.bat :app:compileDebugKotlin 
2>&1 | Tee-Object errors.txt
+ 
~~~~~~~~~~~~~~~~~~~~~~~~~~~~~~~~~~~~~~~~~~
    + CategoryInfo          : NotSpecifie 
   d: (e: file:///C:/U... 'MEDIA_GROUP'.  
  :String) [], RemoteException
    + FullyQualifiedErrorId : NativeComma 
   ndError
 
e: file:///C:/Users/avezk/AndroidStudioPro
jects/GlyphV3/app/src/main/java/com/glyph/
glyph_v3/ui/chat/ChatAdapter.kt:183:37 
Unresolved reference 'MEDIA_GROUP'.
e: file:///C:/Users/avezk/AndroidStudioPro
jects/GlyphV3/app/src/main/java/com/glyph/
glyph_v3/ui/chat/ChatAdapter.kt:274:16 
Unresolved reference 
'IncomingMediaGroupViewHolder'.
e: file:///C:/Users/avezk/AndroidStudioPro
jects/GlyphV3/app/src/main/java/com/glyph/
glyph_v3/ui/chat/ChatAdapter.kt:274:55 
Unresolved reference 'clearMediaState'.
e: file:///C:/Users/avezk/AndroidStudioPro
jects/GlyphV3/app/src/main/java/com/glyph/
glyph_v3/ui/chat/ChatAdapter.kt:275:16 
Unresolved reference 
'OutgoingMediaGroupViewHolder'.
e: file:///C:/Users/avezk/AndroidStudioPro
jects/GlyphV3/app/src/main/java/com/glyph/
glyph_v3/ui/chat/ChatAdapter.kt:275:55 
Unresolved reference 'clearMediaState'.
e: file:///C:/Users/avezk/AndroidStudioPro
jects/GlyphV3/app/src/main/java/com/glyph/
glyph_v3/ui/chat/ChatAdapter.kt:1097:37 
Unresolved reference 'MEDIA_GROUP'.
e: file:///C:/Users/avezk/AndroidStudioPro
jects/GlyphV3/app/src/main/java/com/glyph/
glyph_v3/ui/chat/ChatAdapter.kt:1097:59 
Unresolved reference 'mediaItems'.
e: file:///C:/Users/avezk/AndroidStudioPro
jects/GlyphV3/app/src/main/java/com/glyph/
glyph_v3/ui/chat/ChatAdapter.kt:1097:80 
Unresolved reference 'mediaItems'.
e: file:///C:/Users/avezk/AndroidStudioPro
jects/GlyphV3/app/src/main/java/com/glyph/
glyph_v3/ui/chat/MessageDetailsActivity.kt
:169:64 Unresolved reference 
'MEDIA_GROUP'.
e: file:///C:/Users/avezk/AndroidStudioPro
jects/GlyphV3/app/src/main/java/com/glyph/
glyph_v3/ui/chat/MessageDetailsActivity.kt
:169:87 Unresolved reference 
'getMediaItemsList'.
e: file:///C:/Users/avezk/AndroidStudioPro
jects/GlyphV3/app/src/main/java/com/glyph/
glyph_v3/ui/chat/MessageDetailsActivity.kt
:169:122 Unresolved reference 
'displayUrl'.
e: file:///C:/Users/avezk/AndroidStudioPro
jects/GlyphV3/app/src/main/java/com/glyph/
glyph_v3/ui/chat/MessageDetailsActivity.kt
:173:64 Unresolved reference 
'MEDIA_GROUP'.
e: file:///C:/Users/avezk/AndroidStudioPro
jects/GlyphV3/app/src/main/java/com/glyph/
glyph_v3/ui/chat/MessageDetailsActivity.kt
:173:87 Unresolved reference 
'getMediaItemsList'.
e: file:///C:/Users/avezk/AndroidStudioPro
jects/GlyphV3/app/src/main/java/com/glyph/
glyph_v3/ui/chat/MessageDetailsActivity.kt
:173:122 Unresolved reference 
'thumbnailUrl'.
e: file:///C:/Users/avezk/AndroidStudioPro
jects/GlyphV3/app/src/main/java/com/glyph/
glyph_v3/ui/chat/OptimizedMessageComponent
s.kt:636:33 Unresolved reference 
'MEDIA_GROUP'.
e: file:///C:/Users/avezk/AndroidStudioPro
jects/GlyphV3/app/src/main/java/com/glyph/
glyph_v3/ui/chat/QuotedReplyComponents.kt:
83:37 Unresolved reference 'MEDIA_GROUP'.
e: file:///C:/Users/avezk/AndroidStudioPro
jects/GlyphV3/app/src/main/java/com/glyph/
glyph_v3/ui/chat/input/PreviewComponents.k
t:137:37 Unresolved reference 
'MEDIA_GROUP'.

FAILURE: Build failed with an exception.

* What went wrong:
Execution failed for task 
':app:compileDebugKotlin'.
> A failure occurred while executing org.j
etbrains.kotlin.compilerRunner.GradleCompi
lerRunnerWithWorkers$GradleKotlinCompilerW
orkAction
   > Compilation error. See log for more 
details

* Try:
> Run with --stacktrace option to get the 
stack trace.
> Run with --info or --debug option to 
get more log output.
> Run with --scan to get full insights.
> Get more help at 
https://help.gradle.org.

BUILD FAILED in 28s
22 actionable tasks: 1 executed, 21 up-to-date
